Archive member included to satisfy reference by file (symbol)

d:/devel/arm/gcc-5_4_2016q3/bin/../lib/gcc/arm-none-eabi/5.4.1/../../../../arm-none-eabi/lib/armv7-m\libg.a(lib_a-exit.o)
                              d:/devel/arm/gcc-5_4_2016q3/bin/../lib/gcc/arm-none-eabi/5.4.1/../../../../arm-none-eabi/lib/armv7-m/crt0.o (exit)
d:/devel/arm/gcc-5_4_2016q3/bin/../lib/gcc/arm-none-eabi/5.4.1/../../../../arm-none-eabi/lib/armv7-m\libg.a(lib_a-impure.o)
                              d:/devel/arm/gcc-5_4_2016q3/bin/../lib/gcc/arm-none-eabi/5.4.1/../../../../arm-none-eabi/lib/armv7-m\libg.a(lib_a-exit.o) (_global_impure_ptr)
d:/devel/arm/gcc-5_4_2016q3/bin/../lib/gcc/arm-none-eabi/5.4.1/../../../../arm-none-eabi/lib/armv7-m\libg.a(lib_a-init.o)
                              d:/devel/arm/gcc-5_4_2016q3/bin/../lib/gcc/arm-none-eabi/5.4.1/../../../../arm-none-eabi/lib/armv7-m/crt0.o (__libc_init_array)
d:/devel/arm/gcc-5_4_2016q3/bin/../lib/gcc/arm-none-eabi/5.4.1/../../../../arm-none-eabi/lib/armv7-m\libg.a(lib_a-memset.o)
                              d:/devel/arm/gcc-5_4_2016q3/bin/../lib/gcc/arm-none-eabi/5.4.1/../../../../arm-none-eabi/lib/armv7-m/crt0.o (memset)
d:/devel/arm/gcc-5_4_2016q3/bin/../lib/gcc/arm-none-eabi/5.4.1/../../../../arm-none-eabi/lib/armv7-m\libg.a(lib_a-__call_atexit.o)
                              d:/devel/arm/gcc-5_4_2016q3/bin/../lib/gcc/arm-none-eabi/5.4.1/../../../../arm-none-eabi/lib/armv7-m\libg.a(lib_a-exit.o) (__call_exitprocs)
d:/devel/arm/gcc-5_4_2016q3/bin/../lib/gcc/arm-none-eabi/5.4.1/../../../../arm-none-eabi/lib/armv7-m\libg.a(lib_a-atexit.o)
                              d:/devel/arm/gcc-5_4_2016q3/bin/../lib/gcc/arm-none-eabi/5.4.1/../../../../arm-none-eabi/lib/armv7-m\libg.a(lib_a-__call_atexit.o) (atexit)
d:/devel/arm/gcc-5_4_2016q3/bin/../lib/gcc/arm-none-eabi/5.4.1/../../../../arm-none-eabi/lib/armv7-m\libg.a(lib_a-fini.o)
                              d:/devel/arm/gcc-5_4_2016q3/bin/../lib/gcc/arm-none-eabi/5.4.1/../../../../arm-none-eabi/lib/armv7-m\libg.a(lib_a-__call_atexit.o) (__libc_fini_array)
d:/devel/arm/gcc-5_4_2016q3/bin/../lib/gcc/arm-none-eabi/5.4.1/../../../../arm-none-eabi/lib/armv7-m\libg.a(lib_a-__atexit.o)
                              d:/devel/arm/gcc-5_4_2016q3/bin/../lib/gcc/arm-none-eabi/5.4.1/../../../../arm-none-eabi/lib/armv7-m\libg.a(lib_a-atexit.o) (__register_exitproc)

Allocating common symbols
Common symbol       size              file

TCH                 0x2               ..\obj\LCD.o
TCL                 0x2               ..\obj\LCD.o
BCH                 0x2               ..\obj\LCD.o
Xcour               0x2               ..\obj\LCD.o
data                0xfc              ..\obj\protocol.o
encdiff             0x1               ..\obj\protocol.o
BCL                 0x2               ..\obj\LCD.o

Discarded input sections

 .text          0x00000000        0x0 d:/devel/arm/gcc-5_4_2016q3/bin/../lib/gcc/arm-none-eabi/5.4.1/armv7-m/crti.o
 .data          0x00000000        0x0 d:/devel/arm/gcc-5_4_2016q3/bin/../lib/gcc/arm-none-eabi/5.4.1/armv7-m/crti.o
 .bss           0x00000000        0x0 d:/devel/arm/gcc-5_4_2016q3/bin/../lib/gcc/arm-none-eabi/5.4.1/armv7-m/crti.o
 .data          0x00000000        0x4 d:/devel/arm/gcc-5_4_2016q3/bin/../lib/gcc/arm-none-eabi/5.4.1/armv7-m/crtbegin.o
 .text          0x00000000       0x74 d:/devel/arm/gcc-5_4_2016q3/bin/../lib/gcc/arm-none-eabi/5.4.1/../../../../arm-none-eabi/lib/armv7-m/crt0.o
 .data          0x00000000        0x0 d:/devel/arm/gcc-5_4_2016q3/bin/../lib/gcc/arm-none-eabi/5.4.1/../../../../arm-none-eabi/lib/armv7-m/crt0.o
 .bss           0x00000000        0x0 d:/devel/arm/gcc-5_4_2016q3/bin/../lib/gcc/arm-none-eabi/5.4.1/../../../../arm-none-eabi/lib/armv7-m/crt0.o
 .ARM.extab     0x00000000        0x0 d:/devel/arm/gcc-5_4_2016q3/bin/../lib/gcc/arm-none-eabi/5.4.1/../../../../arm-none-eabi/lib/armv7-m/crt0.o
 .ARM.exidx     0x00000000        0x8 d:/devel/arm/gcc-5_4_2016q3/bin/../lib/gcc/arm-none-eabi/5.4.1/../../../../arm-none-eabi/lib/armv7-m/crt0.o
 .ARM.attributes
                0x00000000       0x1b d:/devel/arm/gcc-5_4_2016q3/bin/../lib/gcc/arm-none-eabi/5.4.1/../../../../arm-none-eabi/lib/armv7-m/crt0.o
 .text          0x00000000        0x0 ..\obj\stm32f10x_tim.o
 .data          0x00000000        0x0 ..\obj\stm32f10x_tim.o
 .bss           0x00000000        0x0 ..\obj\stm32f10x_tim.o
 .text.TI1_Config
                0x00000000       0x68 ..\obj\stm32f10x_tim.o
 .text.TI2_Config
                0x00000000       0x78 ..\obj\stm32f10x_tim.o
 .text.TIM_DeInit
                0x00000000      0x1c8 ..\obj\stm32f10x_tim.o
 .text.TIM_OC1Init
                0x00000000       0x88 ..\obj\stm32f10x_tim.o
 .text.TIM_OC2Init
                0x00000000       0x88 ..\obj\stm32f10x_tim.o
 .text.TIM_BDTRConfig
                0x00000000       0x22 ..\obj\stm32f10x_tim.o
 .text.TIM_TimeBaseStructInit
                0x00000000       0x12 ..\obj\stm32f10x_tim.o
 .text.TIM_OCStructInit
                0x00000000       0x14 ..\obj\stm32f10x_tim.o
 .text.TIM_ICStructInit
                0x00000000       0x10 ..\obj\stm32f10x_tim.o
 .text.TIM_BDTRStructInit
                0x00000000       0x12 ..\obj\stm32f10x_tim.o
 .text.TIM_CtrlPWMOutputs
                0x00000000       0x1c ..\obj\stm32f10x_tim.o
 .text.TIM_GenerateEvent
                0x00000000        0x4 ..\obj\stm32f10x_tim.o
 .text.TIM_DMAConfig
                0x00000000        0x8 ..\obj\stm32f10x_tim.o
 .text.TIM_DMACmd
                0x00000000       0x12 ..\obj\stm32f10x_tim.o
 .text.TIM_ITConfig
                0x00000000        0x4 ..\obj\stm32f10x_tim.o
 .text.TIM_InternalClockConfig
                0x00000000        0xe ..\obj\stm32f10x_tim.o
 .text.TIM_ITRxExternalClockConfig
                0x00000000       0x1a ..\obj\stm32f10x_tim.o
 .text.TIM_TIxExternalClockConfig
                0x00000000       0x34 ..\obj\stm32f10x_tim.o
 .text.TIM_ETRConfig
                0x00000000       0x14 ..\obj\stm32f10x_tim.o
 .text.TIM_ETRClockMode1Config
                0x00000000       0x18 ..\obj\stm32f10x_tim.o
 .text.TIM_ETRClockMode2Config
                0x00000000       0x12 ..\obj\stm32f10x_tim.o
 .text.TIM_PrescalerConfig
                0x00000000        0x6 ..\obj\stm32f10x_tim.o
 .text.TIM_CounterModeConfig
                0x00000000       0x10 ..\obj\stm32f10x_tim.o
 .text.TIM_SelectInputTrigger
                0x00000000       0x10 ..\obj\stm32f10x_tim.o
 .text.TIM_EncoderInterfaceConfig
                0x00000000       0x3c ..\obj\stm32f10x_tim.o
 .text.TIM_ForcedOC1Config
                0x00000000       0x10 ..\obj\stm32f10x_tim.o
 .text.TIM_ForcedOC2Config
                0x00000000       0x14 ..\obj\stm32f10x_tim.o
 .text.TIM_ForcedOC3Config
                0x00000000       0x10 ..\obj\stm32f10x_tim.o
 .text.TIM_ForcedOC4Config
                0x00000000       0x14 ..\obj\stm32f10x_tim.o
 .text.TIM_SelectCOM
                0x00000000       0x18 ..\obj\stm32f10x_tim.o
 .text.TIM_SelectCCDMA
                0x00000000       0x18 ..\obj\stm32f10x_tim.o
 .text.TIM_CCPreloadControl
                0x00000000       0x18 ..\obj\stm32f10x_tim.o
 .text.TIM_OC1PreloadConfig
                0x00000000       0x10 ..\obj\stm32f10x_tim.o
 .text.TIM_OC2PreloadConfig
                0x00000000       0x14 ..\obj\stm32f10x_tim.o
 .text.TIM_OC1FastConfig
                0x00000000       0x10 ..\obj\stm32f10x_tim.o
 .text.TIM_OC2FastConfig
                0x00000000       0x14 ..\obj\stm32f10x_tim.o
 .text.TIM_OC3FastConfig
                0x00000000       0x10 ..\obj\stm32f10x_tim.o
 .text.TIM_OC4FastConfig
                0x00000000       0x14 ..\obj\stm32f10x_tim.o
 .text.TIM_ClearOC1Ref
                0x00000000       0x10 ..\obj\stm32f10x_tim.o
 .text.TIM_ClearOC2Ref
                0x00000000       0x10 ..\obj\stm32f10x_tim.o
 .text.TIM_ClearOC3Ref
                0x00000000       0x10 ..\obj\stm32f10x_tim.o
 .text.TIM_ClearOC4Ref
                0x00000000       0x10 ..\obj\stm32f10x_tim.o
 .text.TIM_OC1PolarityConfig
                0x00000000       0x10 ..\obj\stm32f10x_tim.o
 .text.TIM_OC1NPolarityConfig
                0x00000000       0x10 ..\obj\stm32f10x_tim.o
 .text.TIM_OC2PolarityConfig
                0x00000000       0x14 ..\obj\stm32f10x_tim.o
 .text.TIM_OC2NPolarityConfig
                0x00000000       0x14 ..\obj\stm32f10x_tim.o
 .text.TIM_OC3PolarityConfig
                0x00000000       0x14 ..\obj\stm32f10x_tim.o
 .text.TIM_OC3NPolarityConfig
                0x00000000       0x14 ..\obj\stm32f10x_tim.o
 .text.TIM_OC4PolarityConfig
                0x00000000       0x14 ..\obj\stm32f10x_tim.o
 .text.TIM_CCxCmd
                0x00000000       0x1c ..\obj\stm32f10x_tim.o
 .text.TIM_CCxNCmd
                0x00000000       0x1c ..\obj\stm32f10x_tim.o
 .text.TIM_SelectOCxM
                0x00000000       0x42 ..\obj\stm32f10x_tim.o
 .text.TIM_UpdateDisableConfig
                0x00000000       0x18 ..\obj\stm32f10x_tim.o
 .text.TIM_UpdateRequestConfig
                0x00000000       0x18 ..\obj\stm32f10x_tim.o
 .text.TIM_SelectHallSensor
                0x00000000       0x18 ..\obj\stm32f10x_tim.o
 .text.TIM_SelectOnePulseMode
                0x00000000       0x16 ..\obj\stm32f10x_tim.o
 .text.TIM_SelectOutputTrigger
                0x00000000       0x16 ..\obj\stm32f10x_tim.o
 .text.TIM_SelectSlaveMode
                0x00000000       0x16 ..\obj\stm32f10x_tim.o
 .text.TIM_SelectMasterSlaveMode
                0x00000000       0x16 ..\obj\stm32f10x_tim.o
 .text.TIM_SetCounter
                0x00000000        0x4 ..\obj\stm32f10x_tim.o
 .text.TIM_SetAutoreload
                0x00000000        0x4 ..\obj\stm32f10x_tim.o
 .text.TIM_SetCompare1
                0x00000000        0x4 ..\obj\stm32f10x_tim.o
 .text.TIM_SetCompare2
                0x00000000        0x4 ..\obj\stm32f10x_tim.o
 .text.TIM_SetCompare3
                0x00000000        0x4 ..\obj\stm32f10x_tim.o
 .text.TIM_SetCompare4
                0x00000000        0x6 ..\obj\stm32f10x_tim.o
 .text.TIM_SetIC1Prescaler
                0x00000000       0x16 ..\obj\stm32f10x_tim.o
 .text.TIM_SetIC2Prescaler
                0x00000000       0x1a ..\obj\stm32f10x_tim.o
 .text.TIM_PWMIConfig
                0x00000000       0x60 ..\obj\stm32f10x_tim.o
 .text.TIM_SetIC3Prescaler
                0x00000000       0x16 ..\obj\stm32f10x_tim.o
 .text.TIM_SetIC4Prescaler
                0x00000000       0x1a ..\obj\stm32f10x_tim.o
 .text.TIM_ICInit
                0x00000000      0x130 ..\obj\stm32f10x_tim.o
 .text.TIM_SetClockDivision
                0x00000000       0x16 ..\obj\stm32f10x_tim.o
 .text.TIM_GetCapture1
                0x00000000        0x6 ..\obj\stm32f10x_tim.o
 .text.TIM_GetCapture2
                0x00000000        0x6 ..\obj\stm32f10x_tim.o
 .text.TIM_GetCapture3
                0x00000000        0x6 ..\obj\stm32f10x_tim.o
 .text.TIM_GetCapture4
                0x00000000        0x8 ..\obj\stm32f10x_tim.o
 .text.TIM_GetCounter
                0x00000000        0x6 ..\obj\stm32f10x_tim.o
 .text.TIM_GetPrescaler
                0x00000000        0x6 ..\obj\stm32f10x_tim.o
 .text.TIM_GetFlagStatus
                0x00000000        0xc ..\obj\stm32f10x_tim.o
 .text.TIM_ClearFlag
                0x00000000        0x8 ..\obj\stm32f10x_tim.o
 .text.TIM_GetITStatus
                0x00000000       0x16 ..\obj\stm32f10x_tim.o
 .text          0x00000000        0x0 ..\obj\protocol.o
 .text          0x00000000        0x0 ..\obj\system_stm32f10x.o
 .bss           0x00000000        0x0 ..\obj\system_stm32f10x.o
 .text.SystemCoreClockUpdate
                0x00000000       0x58 ..\obj\system_stm32f10x.o
 .text          0x00000000        0x0 ..\obj\startup_stm32f10x_md.o
 .data          0x00000000        0x0 ..\obj\startup_stm32f10x_md.o
 .bss           0x00000000        0x0 ..\obj\startup_stm32f10x_md.o
 .text          0x00000000        0x0 ..\obj\stm32f10x_gpio.o
 .data          0x00000000        0x0 ..\obj\stm32f10x_gpio.o
 .bss           0x00000000        0x0 ..\obj\stm32f10x_gpio.o
 .text.GPIO_DeInit
                0x00000000       0xb8 ..\obj\stm32f10x_gpio.o
 .text.GPIO_AFIODeInit
                0x00000000       0x16 ..\obj\stm32f10x_gpio.o
 .text.GPIO_StructInit
                0x00000000       0x10 ..\obj\stm32f10x_gpio.o
 .text.GPIO_ReadInputDataBit
                0x00000000        0xc ..\obj\stm32f10x_gpio.o
 .text.GPIO_ReadInputData
                0x00000000        0x6 ..\obj\stm32f10x_gpio.o
 .text.GPIO_ReadOutputDataBit
                0x00000000        0xc ..\obj\stm32f10x_gpio.o
 .text.GPIO_ReadOutputData
                0x00000000        0x6 ..\obj\stm32f10x_gpio.o
 .text.GPIO_SetBits
                0x00000000        0x4 ..\obj\stm32f10x_gpio.o
 .text.GPIO_ResetBits
                0x00000000        0x4 ..\obj\stm32f10x_gpio.o
 .text.GPIO_WriteBit
                0x00000000        0xa ..\obj\stm32f10x_gpio.o
 .text.GPIO_Write
                0x00000000        0x4 ..\obj\stm32f10x_gpio.o
 .text.GPIO_PinLockConfig
                0x00000000       0x10 ..\obj\stm32f10x_gpio.o
 .text.GPIO_EventOutputConfig
                0x00000000       0x1c ..\obj\stm32f10x_gpio.o
 .text.GPIO_EventOutputCmd
                0x00000000        0xc ..\obj\stm32f10x_gpio.o
 .text.GPIO_PinRemapConfig
                0x00000000       0x60 ..\obj\stm32f10x_gpio.o
 .text.GPIO_EXTILineConfig
                0x00000000       0x2a ..\obj\stm32f10x_gpio.o
 .text.GPIO_ETH_MediaInterfaceConfig
                0x00000000        0xc ..\obj\stm32f10x_gpio.o
 .text          0x00000000        0x0 ..\obj\main.o
 .data          0x00000000        0x0 ..\obj\main.o
 .bss           0x00000000        0x0 ..\obj\main.o
 .text          0x00000000        0x0 ..\obj\init.o
 .data          0x00000000        0x0 ..\obj\init.o
 .bss           0x00000000        0x0 ..\obj\init.o
 .text          0x00000000        0x0 ..\obj\stm32f10x_rcc.o
 .bss           0x00000000        0x0 ..\obj\stm32f10x_rcc.o
 .text.RCC_DeInit
                0x00000000       0x40 ..\obj\stm32f10x_rcc.o
 .text.RCC_HSEConfig
                0x00000000       0x38 ..\obj\stm32f10x_rcc.o
 .text.RCC_AdjustHSICalibrationValue
                0x00000000       0x14 ..\obj\stm32f10x_rcc.o
 .text.RCC_HSICmd
                0x00000000        0xc ..\obj\stm32f10x_rcc.o
 .text.RCC_PLLConfig
                0x00000000       0x14 ..\obj\stm32f10x_rcc.o
 .text.RCC_PLLCmd
                0x00000000        0xc ..\obj\stm32f10x_rcc.o
 .text.RCC_SYSCLKConfig
                0x00000000       0x14 ..\obj\stm32f10x_rcc.o
 .text.RCC_GetSYSCLKSource
                0x00000000       0x10 ..\obj\stm32f10x_rcc.o
 .text.RCC_HCLKConfig
                0x00000000       0x14 ..\obj\stm32f10x_rcc.o
 .text.RCC_PCLK1Config
                0x00000000       0x14 ..\obj\stm32f10x_rcc.o
 .text.RCC_PCLK2Config
                0x00000000       0x14 ..\obj\stm32f10x_rcc.o
 .text.RCC_ITConfig
                0x00000000       0x18 ..\obj\stm32f10x_rcc.o
 .text.RCC_USBCLKConfig
                0x00000000        0xc ..\obj\stm32f10x_rcc.o
 .text.RCC_ADCCLKConfig
                0x00000000       0x14 ..\obj\stm32f10x_rcc.o
 .text.RCC_LSEConfig
                0x00000000       0x20 ..\obj\stm32f10x_rcc.o
 .text.RCC_LSICmd
                0x00000000        0xc ..\obj\stm32f10x_rcc.o
 .text.RCC_RTCCLKConfig
                0x00000000       0x10 ..\obj\stm32f10x_rcc.o
 .text.RCC_RTCCLKCmd
                0x00000000        0xc ..\obj\stm32f10x_rcc.o
 .text.RCC_AHBPeriphClockCmd
                0x00000000       0x18 ..\obj\stm32f10x_rcc.o
 .text.RCC_APB2PeriphClockCmd
                0x00000000       0x18 ..\obj\stm32f10x_rcc.o
 .text.RCC_APB2PeriphResetCmd
                0x00000000       0x18 ..\obj\stm32f10x_rcc.o
 .text.RCC_APB1PeriphResetCmd
                0x00000000       0x18 ..\obj\stm32f10x_rcc.o
 .text.RCC_BackupResetCmd
                0x00000000        0xc ..\obj\stm32f10x_rcc.o
 .text.RCC_ClockSecuritySystemCmd
                0x00000000        0xc ..\obj\stm32f10x_rcc.o
 .text.RCC_MCOConfig
                0x00000000        0xc ..\obj\stm32f10x_rcc.o
 .text.RCC_GetFlagStatus
                0x00000000       0x28 ..\obj\stm32f10x_rcc.o
 .text.RCC_WaitForHSEStartUp
                0x00000000       0x30 ..\obj\stm32f10x_rcc.o
 .text.RCC_ClearFlag
                0x00000000       0x10 ..\obj\stm32f10x_rcc.o
 .text.RCC_GetITStatus
                0x00000000       0x14 ..\obj\stm32f10x_rcc.o
 .text.RCC_ClearITPendingBit
                0x00000000        0xc ..\obj\stm32f10x_rcc.o
 .text          0x00000000        0x0 ..\obj\LiberationMono-Regular_16x24.o
 .data          0x00000000        0x0 ..\obj\LiberationMono-Regular_16x24.o
 .bss           0x00000000        0x0 ..\obj\LiberationMono-Regular_16x24.o
 .text          0x00000000        0x0 ..\obj\stm32f10x_exti.o
 .data          0x00000000        0x0 ..\obj\stm32f10x_exti.o
 .bss           0x00000000        0x0 ..\obj\stm32f10x_exti.o
 .text.EXTI_DeInit
                0x00000000       0x1c ..\obj\stm32f10x_exti.o
 .text.EXTI_Init
                0x00000000       0x74 ..\obj\stm32f10x_exti.o
 .text.EXTI_StructInit
                0x00000000        0xe ..\obj\stm32f10x_exti.o
 .text.EXTI_GenerateSWInterrupt
                0x00000000       0x10 ..\obj\stm32f10x_exti.o
 .text.EXTI_GetFlagStatus
                0x00000000       0x14 ..\obj\stm32f10x_exti.o
 .text.EXTI_ClearFlag
                0x00000000        0xc ..\obj\stm32f10x_exti.o
 .text.EXTI_GetITStatus
                0x00000000       0x1c ..\obj\stm32f10x_exti.o
 .text.EXTI_ClearITPendingBit
                0x00000000        0xc ..\obj\stm32f10x_exti.o
 .debug_info    0x00000000      0x341 ..\obj\stm32f10x_exti.o
 .debug_abbrev  0x00000000      0x19f ..\obj\stm32f10x_exti.o
 .debug_loc     0x00000000      0x188 ..\obj\stm32f10x_exti.o
 .debug_aranges
                0x00000000       0x50 ..\obj\stm32f10x_exti.o
 .debug_ranges  0x00000000       0x40 ..\obj\stm32f10x_exti.o
 .debug_line    0x00000000      0x258 ..\obj\stm32f10x_exti.o
 .debug_str     0x00000000      0x344 ..\obj\stm32f10x_exti.o
 .comment       0x00000000       0x6f ..\obj\stm32f10x_exti.o
 .debug_frame   0x00000000       0x9c ..\obj\stm32f10x_exti.o
 .ARM.attributes
                0x00000000       0x33 ..\obj\stm32f10x_exti.o
 .text          0x00000000        0x0 ..\obj\LCD.o
 .data          0x00000000        0x0 ..\obj\LCD.o
 .bss           0x00000000        0x0 ..\obj\LCD.o
 .text.LCD_DrawSymbol
                0x00000000       0xa8 ..\obj\LCD.o
 .text.LCD_PutStrig_XY
                0x00000000        0xe ..\obj\LCD.o
 .text          0x00000000        0x0 ..\obj\Courier_New_Bold_16x24.o
 .data          0x00000000        0x0 ..\obj\Courier_New_Bold_16x24.o
 .bss           0x00000000        0x0 ..\obj\Courier_New_Bold_16x24.o
 .rodata        0x00000000     0x3000 ..\obj\Courier_New_Bold_16x24.o
 .debug_info    0x00000000       0x9f ..\obj\Courier_New_Bold_16x24.o
 .debug_abbrev  0x00000000       0x4e ..\obj\Courier_New_Bold_16x24.o
 .debug_aranges
                0x00000000       0x18 ..\obj\Courier_New_Bold_16x24.o
 .debug_line    0x00000000       0x64 ..\obj\Courier_New_Bold_16x24.o
 .debug_str     0x00000000      0x169 ..\obj\Courier_New_Bold_16x24.o
 .comment       0x00000000       0x6f ..\obj\Courier_New_Bold_16x24.o
 .ARM.attributes
                0x00000000       0x33 ..\obj\Courier_New_Bold_16x24.o
 .text          0x00000000        0x0 ..\obj\misc.o
 .data          0x00000000        0x0 ..\obj\misc.o
 .bss           0x00000000        0x0 ..\obj\misc.o
 .text.NVIC_PriorityGroupConfig
                0x00000000       0x14 ..\obj\misc.o
 .text.NVIC_Init
                0x00000000       0x6c ..\obj\misc.o
 .text.NVIC_SetVectorTable
                0x00000000       0x14 ..\obj\misc.o
 .text.NVIC_SystemLPConfig
                0x00000000       0x18 ..\obj\misc.o
 .text          0x00000000        0x0 ..\obj\Pictures.o
 .data          0x00000000        0x0 ..\obj\Pictures.o
 .bss           0x00000000        0x0 ..\obj\Pictures.o
 .text          0x00000000        0x0 ..\obj\stm32f10x_spi.o
 .data          0x00000000        0x0 ..\obj\stm32f10x_spi.o
 .bss           0x00000000        0x0 ..\obj\stm32f10x_spi.o
 .text.SPI_I2S_DeInit
                0x00000000       0x64 ..\obj\stm32f10x_spi.o
 .text.I2S_Init
                0x00000000       0xa2 ..\obj\stm32f10x_spi.o
 .text.SPI_StructInit
                0x00000000       0x18 ..\obj\stm32f10x_spi.o
 .text.I2S_StructInit
                0x00000000       0x12 ..\obj\stm32f10x_spi.o
 .text.I2S_Cmd  0x00000000       0x18 ..\obj\stm32f10x_spi.o
 .text.SPI_I2S_DMACmd
                0x00000000       0x12 ..\obj\stm32f10x_spi.o
 .text.SPI_I2S_SendData
                0x00000000        0x4 ..\obj\stm32f10x_spi.o
 .text.SPI_I2S_ReceiveData
                0x00000000        0x6 ..\obj\stm32f10x_spi.o
 .text.SPI_NSSInternalSoftwareConfig
                0x00000000       0x1e ..\obj\stm32f10x_spi.o
 .text.SPI_SSOutputCmd
                0x00000000       0x18 ..\obj\stm32f10x_spi.o
 .text.SPI_DataSizeConfig
                0x00000000       0x16 ..\obj\stm32f10x_spi.o
 .text.SPI_TransmitCRC
                0x00000000        0xc ..\obj\stm32f10x_spi.o
 .text.SPI_CalculateCRC
                0x00000000       0x18 ..\obj\stm32f10x_spi.o
 .text.SPI_GetCRC
                0x00000000        0xc ..\obj\stm32f10x_spi.o
 .text.SPI_GetCRCPolynomial
                0x00000000        0x6 ..\obj\stm32f10x_spi.o
 .text.SPI_BiDirectionalLineConfig
                0x00000000       0x1c ..\obj\stm32f10x_spi.o
 .text.SPI_I2S_GetFlagStatus
                0x00000000        0xc ..\obj\stm32f10x_spi.o
 .text.SPI_I2S_ClearFlag
                0x00000000        0x8 ..\obj\stm32f10x_spi.o
 .text.SPI_I2S_GetITStatus
                0x00000000       0x26 ..\obj\stm32f10x_spi.o
 .text.SPI_I2S_ClearITPendingBit
                0x00000000       0x12 ..\obj\stm32f10x_spi.o
 .text          0x00000000        0x0 ..\obj\systick.o
 .data          0x00000000        0x0 ..\obj\systick.o
 .text.delay_us
                0x00000000       0x5c ..\obj\systick.o
 .text          0x00000000        0x0 ..\obj\stm32f10x_i2c.o
 .data          0x00000000        0x0 ..\obj\stm32f10x_i2c.o
 .bss           0x00000000        0x0 ..\obj\stm32f10x_i2c.o
 .text.I2C_DeInit
                0x00000000       0x34 ..\obj\stm32f10x_i2c.o
 .text.I2C_StructInit
                0x00000000       0x1c ..\obj\stm32f10x_i2c.o
 .text.I2C_DMACmd
                0x00000000       0x18 ..\obj\stm32f10x_i2c.o
 .text.I2C_DMALastTransferCmd
                0x00000000       0x18 ..\obj\stm32f10x_i2c.o
 .text.I2C_GenerateSTART
                0x00000000       0x18 ..\obj\stm32f10x_i2c.o
 .text.I2C_GenerateSTOP
                0x00000000       0x18 ..\obj\stm32f10x_i2c.o
 .text.I2C_AcknowledgeConfig
                0x00000000       0x18 ..\obj\stm32f10x_i2c.o
 .text.I2C_OwnAddress2Config
                0x00000000       0x12 ..\obj\stm32f10x_i2c.o
 .text.I2C_DualAddressCmd
                0x00000000       0x18 ..\obj\stm32f10x_i2c.o
 .text.I2C_GeneralCallCmd
                0x00000000       0x18 ..\obj\stm32f10x_i2c.o
 .text.I2C_SendData
                0x00000000        0x4 ..\obj\stm32f10x_i2c.o
 .text.I2C_ReceiveData
                0x00000000        0x6 ..\obj\stm32f10x_i2c.o
 .text.I2C_Send7bitAddress
                0x00000000       0x12 ..\obj\stm32f10x_i2c.o
 .text.I2C_ReadRegister
                0x00000000       0x18 ..\obj\stm32f10x_i2c.o
 .text.I2C_SoftwareResetCmd
                0x00000000       0x18 ..\obj\stm32f10x_i2c.o
 .text.I2C_SMBusAlertConfig
                0x00000000       0x1c ..\obj\stm32f10x_i2c.o
 .text.I2C_TransmitPEC
                0x00000000       0x18 ..\obj\stm32f10x_i2c.o
 .text.I2C_PECPositionConfig
                0x00000000       0x1c ..\obj\stm32f10x_i2c.o
 .text.I2C_NACKPositionConfig
                0x00000000        0x4 ..\obj\stm32f10x_i2c.o
 .text.I2C_CalculatePEC
                0x00000000       0x18 ..\obj\stm32f10x_i2c.o
 .text.I2C_GetPEC
                0x00000000        0x8 ..\obj\stm32f10x_i2c.o
 .text.I2C_ARPCmd
                0x00000000       0x18 ..\obj\stm32f10x_i2c.o
 .text.I2C_StretchClockCmd
                0x00000000       0x18 ..\obj\stm32f10x_i2c.o
 .text.I2C_FastModeDutyCycleConfig
                0x00000000       0x1c ..\obj\stm32f10x_i2c.o
 .text.I2C_CheckEvent
                0x00000000       0x1a ..\obj\stm32f10x_i2c.o
 .text.I2C_GetFlagStatus
                0x00000000       0x34 ..\obj\stm32f10x_i2c.o
 .text.I2C_ClearFlag
                0x00000000        0x8 ..\obj\stm32f10x_i2c.o
 .text.I2C_GetITStatus
                0x00000000       0x1c ..\obj\stm32f10x_i2c.o
 .text.I2C_ClearITPendingBit
                0x00000000        0x8 ..\obj\stm32f10x_i2c.o
 .text          0x00000000        0x0 ..\obj\stm32f10x_systick.o
 .data          0x00000000        0x0 ..\obj\stm32f10x_systick.o
 .bss           0x00000000        0x0 ..\obj\stm32f10x_systick.o
 .text.SysTick_GetCounter
                0x00000000        0xc ..\obj\stm32f10x_systick.o
 .text          0x00000000        0x0 d:/devel/arm/gcc-5_4_2016q3/bin/../lib/gcc/arm-none-eabi/5.4.1/../../../../arm-none-eabi/lib/armv7-m\libg.a(lib_a-exit.o)
 .data          0x00000000        0x0 d:/devel/arm/gcc-5_4_2016q3/bin/../lib/gcc/arm-none-eabi/5.4.1/../../../../arm-none-eabi/lib/armv7-m\libg.a(lib_a-exit.o)
 .bss           0x00000000        0x0 d:/devel/arm/gcc-5_4_2016q3/bin/../lib/gcc/arm-none-eabi/5.4.1/../../../../arm-none-eabi/lib/armv7-m\libg.a(lib_a-exit.o)
 .text.exit     0x00000000       0x20 d:/devel/arm/gcc-5_4_2016q3/bin/../lib/gcc/arm-none-eabi/5.4.1/../../../../arm-none-eabi/lib/armv7-m\libg.a(lib_a-exit.o)
 .debug_frame   0x00000000       0x28 d:/devel/arm/gcc-5_4_2016q3/bin/../lib/gcc/arm-none-eabi/5.4.1/../../../../arm-none-eabi/lib/armv7-m\libg.a(lib_a-exit.o)
 .ARM.attributes
                0x00000000       0x2d d:/devel/arm/gcc-5_4_2016q3/bin/../lib/gcc/arm-none-eabi/5.4.1/../../../../arm-none-eabi/lib/armv7-m\libg.a(lib_a-exit.o)
 .text          0x00000000        0x0 d:/devel/arm/gcc-5_4_2016q3/bin/../lib/gcc/arm-none-eabi/5.4.1/../../../../arm-none-eabi/lib/armv7-m\libg.a(lib_a-impure.o)
 .data          0x00000000        0x0 d:/devel/arm/gcc-5_4_2016q3/bin/../lib/gcc/arm-none-eabi/5.4.1/../../../../arm-none-eabi/lib/armv7-m\libg.a(lib_a-impure.o)
 .bss           0x00000000        0x0 d:/devel/arm/gcc-5_4_2016q3/bin/../lib/gcc/arm-none-eabi/5.4.1/../../../../arm-none-eabi/lib/armv7-m\libg.a(lib_a-impure.o)
 .data._impure_ptr
                0x00000000        0x4 d:/devel/arm/gcc-5_4_2016q3/bin/../lib/gcc/arm-none-eabi/5.4.1/../../../../arm-none-eabi/lib/armv7-m\libg.a(lib_a-impure.o)
 .text          0x00000000        0x0 d:/devel/arm/gcc-5_4_2016q3/bin/../lib/gcc/arm-none-eabi/5.4.1/../../../../arm-none-eabi/lib/armv7-m\libg.a(lib_a-init.o)
 .data          0x00000000        0x0 d:/devel/arm/gcc-5_4_2016q3/bin/../lib/gcc/arm-none-eabi/5.4.1/../../../../arm-none-eabi/lib/armv7-m\libg.a(lib_a-init.o)
 .bss           0x00000000        0x0 d:/devel/arm/gcc-5_4_2016q3/bin/../lib/gcc/arm-none-eabi/5.4.1/../../../../arm-none-eabi/lib/armv7-m\libg.a(lib_a-init.o)
 .text.__libc_init_array
                0x00000000       0x50 d:/devel/arm/gcc-5_4_2016q3/bin/../lib/gcc/arm-none-eabi/5.4.1/../../../../arm-none-eabi/lib/armv7-m\libg.a(lib_a-init.o)
 .debug_frame   0x00000000       0x2c d:/devel/arm/gcc-5_4_2016q3/bin/../lib/gcc/arm-none-eabi/5.4.1/../../../../arm-none-eabi/lib/armv7-m\libg.a(lib_a-init.o)
 .ARM.attributes
                0x00000000       0x2d d:/devel/arm/gcc-5_4_2016q3/bin/../lib/gcc/arm-none-eabi/5.4.1/../../../../arm-none-eabi/lib/armv7-m\libg.a(lib_a-init.o)
 .text          0x00000000        0x0 d:/devel/arm/gcc-5_4_2016q3/bin/../lib/gcc/arm-none-eabi/5.4.1/../../../../arm-none-eabi/lib/armv7-m\libg.a(lib_a-memset.o)
 .data          0x00000000        0x0 d:/devel/arm/gcc-5_4_2016q3/bin/../lib/gcc/arm-none-eabi/5.4.1/../../../../arm-none-eabi/lib/armv7-m\libg.a(lib_a-memset.o)
 .bss           0x00000000        0x0 d:/devel/arm/gcc-5_4_2016q3/bin/../lib/gcc/arm-none-eabi/5.4.1/../../../../arm-none-eabi/lib/armv7-m\libg.a(lib_a-memset.o)
 .text.memset   0x00000000       0x9c d:/devel/arm/gcc-5_4_2016q3/bin/../lib/gcc/arm-none-eabi/5.4.1/../../../../arm-none-eabi/lib/armv7-m\libg.a(lib_a-memset.o)
 .debug_frame   0x00000000       0x34 d:/devel/arm/gcc-5_4_2016q3/bin/../lib/gcc/arm-none-eabi/5.4.1/../../../../arm-none-eabi/lib/armv7-m\libg.a(lib_a-memset.o)
 .ARM.attributes
                0x00000000       0x2d d:/devel/arm/gcc-5_4_2016q3/bin/../lib/gcc/arm-none-eabi/5.4.1/../../../../arm-none-eabi/lib/armv7-m\libg.a(lib_a-memset.o)
 .text          0x00000000        0x0 d:/devel/arm/gcc-5_4_2016q3/bin/../lib/gcc/arm-none-eabi/5.4.1/../../../../arm-none-eabi/lib/armv7-m\libg.a(lib_a-__call_atexit.o)
 .data          0x00000000        0x0 d:/devel/arm/gcc-5_4_2016q3/bin/../lib/gcc/arm-none-eabi/5.4.1/../../../../arm-none-eabi/lib/armv7-m\libg.a(lib_a-__call_atexit.o)
 .bss           0x00000000        0x0 d:/devel/arm/gcc-5_4_2016q3/bin/../lib/gcc/arm-none-eabi/5.4.1/../../../../arm-none-eabi/lib/armv7-m\libg.a(lib_a-__call_atexit.o)
 .text.__call_exitprocs
                0x00000000       0xd8 d:/devel/arm/gcc-5_4_2016q3/bin/../lib/gcc/arm-none-eabi/5.4.1/../../../../arm-none-eabi/lib/armv7-m\libg.a(lib_a-__call_atexit.o)
 .text          0x00000000        0x0 d:/devel/arm/gcc-5_4_2016q3/bin/../lib/gcc/arm-none-eabi/5.4.1/../../../../arm-none-eabi/lib/armv7-m\libg.a(lib_a-atexit.o)
 .data          0x00000000        0x0 d:/devel/arm/gcc-5_4_2016q3/bin/../lib/gcc/arm-none-eabi/5.4.1/../../../../arm-none-eabi/lib/armv7-m\libg.a(lib_a-atexit.o)
 .bss           0x00000000        0x0 d:/devel/arm/gcc-5_4_2016q3/bin/../lib/gcc/arm-none-eabi/5.4.1/../../../../arm-none-eabi/lib/armv7-m\libg.a(lib_a-atexit.o)
 .text          0x00000000        0x0 d:/devel/arm/gcc-5_4_2016q3/bin/../lib/gcc/arm-none-eabi/5.4.1/../../../../arm-none-eabi/lib/armv7-m\libg.a(lib_a-fini.o)
 .data          0x00000000        0x0 d:/devel/arm/gcc-5_4_2016q3/bin/../lib/gcc/arm-none-eabi/5.4.1/../../../../arm-none-eabi/lib/armv7-m\libg.a(lib_a-fini.o)
 .bss           0x00000000        0x0 d:/devel/arm/gcc-5_4_2016q3/bin/../lib/gcc/arm-none-eabi/5.4.1/../../../../arm-none-eabi/lib/armv7-m\libg.a(lib_a-fini.o)
 .text          0x00000000        0x0 d:/devel/arm/gcc-5_4_2016q3/bin/../lib/gcc/arm-none-eabi/5.4.1/../../../../arm-none-eabi/lib/armv7-m\libg.a(lib_a-__atexit.o)
 .data          0x00000000        0x0 d:/devel/arm/gcc-5_4_2016q3/bin/../lib/gcc/arm-none-eabi/5.4.1/../../../../arm-none-eabi/lib/armv7-m\libg.a(lib_a-__atexit.o)
 .bss           0x00000000        0x0 d:/devel/arm/gcc-5_4_2016q3/bin/../lib/gcc/arm-none-eabi/5.4.1/../../../../arm-none-eabi/lib/armv7-m\libg.a(lib_a-__atexit.o)
 .text          0x00000000        0x0 d:/devel/arm/gcc-5_4_2016q3/bin/../lib/gcc/arm-none-eabi/5.4.1/armv7-m/crtend.o
 .data          0x00000000        0x0 d:/devel/arm/gcc-5_4_2016q3/bin/../lib/gcc/arm-none-eabi/5.4.1/armv7-m/crtend.o
 .bss           0x00000000        0x0 d:/devel/arm/gcc-5_4_2016q3/bin/../lib/gcc/arm-none-eabi/5.4.1/armv7-m/crtend.o
 .eh_frame      0x00000000        0x4 d:/devel/arm/gcc-5_4_2016q3/bin/../lib/gcc/arm-none-eabi/5.4.1/armv7-m/crtend.o
 .text          0x00000000        0x0 d:/devel/arm/gcc-5_4_2016q3/bin/../lib/gcc/arm-none-eabi/5.4.1/armv7-m/crtn.o
 .data          0x00000000        0x0 d:/devel/arm/gcc-5_4_2016q3/bin/../lib/gcc/arm-none-eabi/5.4.1/armv7-m/crtn.o
 .bss           0x00000000        0x0 d:/devel/arm/gcc-5_4_2016q3/bin/../lib/gcc/arm-none-eabi/5.4.1/armv7-m/crtn.o

Memory Configuration

Name             Origin             Length             Attributes
rom              0x08000000         0x00010000         xr
ram              0x20000000         0x00005000         xrw
*default*        0x00000000         0xffffffff

Linker script and memory map

LOAD d:/devel/arm/gcc-5_4_2016q3/bin/../lib/gcc/arm-none-eabi/5.4.1/armv7-m/crti.o
LOAD d:/devel/arm/gcc-5_4_2016q3/bin/../lib/gcc/arm-none-eabi/5.4.1/armv7-m/crtbegin.o
LOAD d:/devel/arm/gcc-5_4_2016q3/bin/../lib/gcc/arm-none-eabi/5.4.1/../../../../arm-none-eabi/lib/armv7-m/crt0.o
                0x20005000                _eram = 0x20005000

.text           0x08000000     0x9188
 *(.isr_vector)
 .isr_vector    0x08000000      0x10c ..\obj\startup_stm32f10x_md.o
                0x08000000                g_pfnVectors
 *(.text*)
 .text          0x0800010c       0x5c d:/devel/arm/gcc-5_4_2016q3/bin/../lib/gcc/arm-none-eabi/5.4.1/armv7-m/crtbegin.o
 .text.TIM_TimeBaseInit
                0x08000168       0x94 ..\obj\stm32f10x_tim.o
                0x08000168                TIM_TimeBaseInit
 .text.TIM_OC3Init
                0x080001fc       0x84 ..\obj\stm32f10x_tim.o
                0x080001fc                TIM_OC3Init
 .text.TIM_OC4Init
                0x08000280       0x68 ..\obj\stm32f10x_tim.o
                0x08000280                TIM_OC4Init
 .text.TIM_Cmd  0x080002e8       0x18 ..\obj\stm32f10x_tim.o
                0x080002e8                TIM_Cmd
 .text.TIM_ARRPreloadConfig
                0x08000300       0x18 ..\obj\stm32f10x_tim.o
                0x08000300                TIM_ARRPreloadConfig
 .text.TIM_OC3PreloadConfig
                0x08000318       0x10 ..\obj\stm32f10x_tim.o
                0x08000318                TIM_OC3PreloadConfig
 .text.TIM_OC4PreloadConfig
                0x08000328       0x14 ..\obj\stm32f10x_tim.o
                0x08000328                TIM_OC4PreloadConfig
 .text.TIM_ClearITPendingBit
                0x0800033c        0x8 ..\obj\stm32f10x_tim.o
                0x0800033c                TIM_ClearITPendingBit
 .text.New_cmd  0x08000344        0xc ..\obj\protocol.o
                0x08000344                New_cmd
 .text.Rem_Lead_Zero
                0x08000350       0x38 ..\obj\protocol.o
                0x08000350                Rem_Lead_Zero
 .text.Get_Temps
                0x08000388      0x1dc ..\obj\protocol.o
                0x08000388                Get_Temps
 .text.Print_Temps
                0x08000564       0xbc ..\obj\protocol.o
                0x08000564                Print_Temps
 .text.Get_Buttons
                0x08000620       0x90 ..\obj\protocol.o
                0x08000620                Get_Buttons
 .text.buzzer   0x080006b0       0x28 ..\obj\protocol.o
                0x080006b0                buzzer
 .text.SetLeds  0x080006d8       0x68 ..\obj\protocol.o
                0x080006d8                SetLeds
 .text.DrawIcons
                0x08000740      0x2d8 ..\obj\protocol.o
                0x08000740                DrawIcons
 .text.UBL_Draw_Dot
                0x08000a18       0xb4 ..\obj\protocol.o
                0x08000a18                UBL_Draw_Dot
 .text.Get_Progress
                0x08000acc       0x34 ..\obj\protocol.o
                0x08000acc                Get_Progress
 .text.Draw_Progress_Bar
                0x08000b00      0x188 ..\obj\protocol.o
                0x08000b00                Draw_Progress_Bar
 .text.Print_Line
                0x08000c88       0x74 ..\obj\protocol.o
                0x08000c88                Print_Line
 .text.handle_command
                0x08000cfc      0x1f4 ..\obj\protocol.o
                0x08000cfc                handle_command
 .text.TIM2_IRQHandler
                0x08000ef0       0x38 ..\obj\protocol.o
                0x08000ef0                TIM2_IRQHandler
 .text.I2C2_EV_IRQHandler
                0x08000f28      0x11c ..\obj\protocol.o
                0x08000f28                I2C2_EV_IRQHandler
 .text.I2C2_ER_IRQHandler
                0x08001044       0x10 ..\obj\protocol.o
                0x08001044                I2C2_ER_IRQHandler
 .text.SPI2_IRQHandler
                0x08001054       0xb8 ..\obj\protocol.o
                0x08001054                SPI2_IRQHandler
 .text.SystemInit
                0x0800110c       0xf4 ..\obj\system_stm32f10x.o
                0x0800110c                SystemInit
 .text.Default_Handler
                0x08001200        0x2 ..\obj\startup_stm32f10x_md.o
                0x08001200                EXTI2_IRQHandler
                0x08001200                DebugMon_Handler
                0x08001200                TIM1_CC_IRQHandler
                0x08001200                HardFault_Handler
                0x08001200                SysTick_Handler
                0x08001200                PVD_IRQHandler
                0x08001200                PendSV_Handler
                0x08001200                NMI_Handler
                0x08001200                EXTI3_IRQHandler
                0x08001200                EXTI0_IRQHandler
                0x08001200                UsageFault_Handler
                0x08001200                ADC1_2_IRQHandler
                0x08001200                SPI1_IRQHandler
                0x08001200                TAMPER_IRQHandler
                0x08001200                DMA1_Channel4_IRQHandler
                0x08001200                USART3_IRQHandler
                0x08001200                RTC_IRQHandler
                0x08001200                DMA1_Channel7_IRQHandler
                0x08001200                CAN1_RX1_IRQHandler
                0x08001200                TIM4_IRQHandler
                0x08001200                I2C1_EV_IRQHandler
                0x08001200                DMA1_Channel6_IRQHandler
                0x08001200                TIM3_IRQHandler
                0x08001200                RCC_IRQHandler
                0x08001200                TIM1_TRG_COM_IRQHandler
                0x08001200                DMA1_Channel1_IRQHandler
                0x08001200                EXTI15_10_IRQHandler
                0x08001200                EXTI9_5_IRQHandler
                0x08001200                MemManage_Handler
                0x08001200                SVC_Handler
                0x08001200                DMA1_Channel5_IRQHandler
                0x08001200                EXTI4_IRQHandler
                0x08001200                USB_LP_CAN1_RX0_IRQHandler
                0x08001200                USB_HP_CAN1_TX_IRQHandler
                0x08001200                DMA1_Channel3_IRQHandler
                0x08001200                TIM1_UP_IRQHandler
                0x08001200                WWDG_IRQHandler
                0x08001200                TIM1_BRK_IRQHandler
                0x08001200                EXTI1_IRQHandler
                0x08001200                RTCAlarm_IRQHandler
                0x08001200                USART2_IRQHandler
                0x08001200                DMA1_Channel2_IRQHandler
                0x08001200                CAN1_SCE_IRQHandler
                0x08001200                FLASH_IRQHandler
                0x08001200                BusFault_Handler
                0x08001200                USART1_IRQHandler
                0x08001200                I2C1_ER_IRQHandler
                0x08001200                USBWakeUp_IRQHandler
 *fill*         0x08001202        0x2 
 .text.Default_Reset_Handler
                0x08001204       0x48 ..\obj\startup_stm32f10x_md.o
                0x08001204                Default_Reset_Handler
                0x08001204                Reset_Handler
 .text.GPIO_Init
                0x0800124c       0xa4 ..\obj\stm32f10x_gpio.o
                0x0800124c                GPIO_Init
 .text.startup.main
                0x080012f0       0x1c ..\obj\main.o
                0x080012f0                main
 .text.spi_init
                0x0800130c       0x70 ..\obj\init.o
                0x0800130c                spi_init
 .text.i2c_init
                0x0800137c       0x94 ..\obj\init.o
                0x0800137c                i2c_init
 .text.Global_Init
                0x08001410      0x204 ..\obj\init.o
                0x08001410                Global_Init
 .text.RCC_GetClocksFreq
                0x08001614       0x84 ..\obj\stm32f10x_rcc.o
                0x08001614                RCC_GetClocksFreq
 .text.RCC_APB1PeriphClockCmd
                0x08001698       0x18 ..\obj\stm32f10x_rcc.o
                0x08001698                RCC_APB1PeriphClockCmd
 .text.Lcd_Write_Com
                0x080016b0       0x2c ..\obj\LCD.o
 .text.LCD_SetArea
                0x080016dc       0xb8 ..\obj\LCD.o
                0x080016dc                LCD_SetArea
 .text.LCD_FillScreen
                0x08001794       0x4c ..\obj\LCD.o
                0x08001794                LCD_FillScreen
 .text.LCD_ClearArea
                0x080017e0       0x4c ..\obj\LCD.o
                0x080017e0                LCD_ClearArea
 .text.LCD_Draw_Picture
                0x0800182c       0x64 ..\obj\LCD.o
                0x0800182c                LCD_Draw_Picture
 .text.LCD_Clear_Picture
                0x08001890       0x50 ..\obj\LCD.o
                0x08001890                LCD_Clear_Picture
 .text.LCD_Set_TextColor
                0x080018e0       0x2c ..\obj\LCD.o
                0x080018e0                LCD_Set_TextColor
 .text.LCD_SetCursor
                0x0800190c       0x28 ..\obj\LCD.o
                0x0800190c                LCD_SetCursor
 .text.HD44780_to_ASCII
                0x08001934       0x5c ..\obj\LCD.o
                0x08001934                HD44780_to_ASCII
 .text.LCD_DrawChar
                0x08001990       0xc8 ..\obj\LCD.o
                0x08001990                LCD_DrawChar
 .text.LCD_DrawChar_XY
                0x08001a58       0x1c ..\obj\LCD.o
                0x08001a58                LCD_DrawChar_XY
 .text.LCD_PutStrig
                0x08001a74       0x20 ..\obj\LCD.o
                0x08001a74                LCD_PutStrig
 .text.LCD_PutStrig_XY.part.0
                0x08001a94       0x1c ..\obj\LCD.o
 .text.LCD_Init
                0x08001ab0      0x354 ..\obj\LCD.o
                0x08001ab0                LCD_Init
 .text.SysTick_CLKSourceConfig
                0x08001e04       0x18 ..\obj\misc.o
                0x08001e04                SysTick_CLKSourceConfig
 .text.SPI_Init
                0x08001e1c       0x3e ..\obj\stm32f10x_spi.o
                0x08001e1c                SPI_Init
 .text.SPI_Cmd  0x08001e5a       0x18 ..\obj\stm32f10x_spi.o
                0x08001e5a                SPI_Cmd
 .text.SPI_I2S_ITConfig
                0x08001e72       0x1c ..\obj\stm32f10x_spi.o
                0x08001e72                SPI_I2S_ITConfig
 *fill*         0x08001e8e        0x2 
 .text.delay_init
                0x08001e90       0x3c ..\obj\systick.o
                0x08001e90                delay_init
 .text.delay_ms
                0x08001ecc       0x44 ..\obj\systick.o
                0x08001ecc                delay_ms
 .text.I2C_Init
                0x08001f10       0xd4 ..\obj\stm32f10x_i2c.o
                0x08001f10                I2C_Init
 .text.I2C_Cmd  0x08001fe4       0x18 ..\obj\stm32f10x_i2c.o
                0x08001fe4                I2C_Cmd
 .text.I2C_ITConfig
                0x08001ffc       0x12 ..\obj\stm32f10x_i2c.o
                0x08001ffc                I2C_ITConfig
 .text.I2C_GetLastEvent
                0x0800200e       0x10 ..\obj\stm32f10x_i2c.o
                0x0800200e                I2C_GetLastEvent
 *fill*         0x0800201e        0x2 
 .text.SysTick_SetReload
                0x08002020        0xc ..\obj\stm32f10x_systick.o
                0x08002020                SysTick_SetReload
 .text.SysTick_CounterCmd
                0x0800202c       0x28 ..\obj\stm32f10x_systick.o
                0x0800202c                SysTick_CounterCmd
 .text.SysTick_ITConfig
                0x08002054       0x18 ..\obj\stm32f10x_systick.o
                0x08002054                SysTick_ITConfig
 .text.SysTick_GetFlagStatus
                0x0800206c       0x1c ..\obj\stm32f10x_systick.o
                0x0800206c                SysTick_GetFlagStatus
 .text.startup.register_fini
                0x08002088       0x14 d:/devel/arm/gcc-5_4_2016q3/bin/../lib/gcc/arm-none-eabi/5.4.1/../../../../arm-none-eabi/lib/armv7-m\libg.a(lib_a-__call_atexit.o)
 .text.atexit   0x0800209c        0xc d:/devel/arm/gcc-5_4_2016q3/bin/../lib/gcc/arm-none-eabi/5.4.1/../../../../arm-none-eabi/lib/armv7-m\libg.a(lib_a-atexit.o)
                0x0800209c                atexit
 .text.__libc_fini_array
                0x080020a8       0x28 d:/devel/arm/gcc-5_4_2016q3/bin/../lib/gcc/arm-none-eabi/5.4.1/../../../../arm-none-eabi/lib/armv7-m\libg.a(lib_a-fini.o)
                0x080020a8                __libc_fini_array
 .text.__register_exitproc
                0x080020d0       0xa4 d:/devel/arm/gcc-5_4_2016q3/bin/../lib/gcc/arm-none-eabi/5.4.1/../../../../arm-none-eabi/lib/armv7-m\libg.a(lib_a-__atexit.o)
                0x080020d0                __register_exitproc
 *(.init)
 .init          0x08002174        0x4 d:/devel/arm/gcc-5_4_2016q3/bin/../lib/gcc/arm-none-eabi/5.4.1/armv7-m/crti.o
                0x08002174                _init
 .init          0x08002178        0x8 d:/devel/arm/gcc-5_4_2016q3/bin/../lib/gcc/arm-none-eabi/5.4.1/armv7-m/crtn.o
 *(.fini)
 .fini          0x08002180        0x4 d:/devel/arm/gcc-5_4_2016q3/bin/../lib/gcc/arm-none-eabi/5.4.1/armv7-m/crti.o
                0x08002180                _fini
 .fini          0x08002184        0x8 d:/devel/arm/gcc-5_4_2016q3/bin/../lib/gcc/arm-none-eabi/5.4.1/armv7-m/crtn.o
 *crtbegin.o(.ctors)
 *crtbegin?.o(.ctors)
 *(EXCLUDE_FILE(*crtend.o *crtend?.o) .ctors)
 *(SORT(.ctors.*))
 *(.ctors)
 *crtbegin.o(.dtors)
 *crtbegin?.o(.dtors)
 *(EXCLUDE_FILE(*crtend.o *crtend?.o) .dtors)
 *(SORT(.dtors.*))
 *(.dtors)
 *(.rodata*)
 .rodata        0x0800218c       0x22 ..\obj\protocol.o
 .rodata.str1.1
                0x080021ae       0x16 ..\obj\protocol.o
 .rodata        0x080021c4     0x3000 ..\obj\LiberationMono-Regular_16x24.o
                0x080021c4                LiberationMono_16x24
 .rodata        0x080051c4       0x2f ..\obj\LCD.o
 .rodata.str1.1
                0x080051f3       0x5c ..\obj\LCD.o
 *fill*         0x0800524f        0x1 
 .rodata        0x08005250     0x3f34 ..\obj\Pictures.o
                0x08005250                heat_48x48
                0x08005b50                fan_48x48
                0x08006450                bed_48x48
                0x08006d50                extrude3_48x48
                0x08007650                extrude2_48x48
                0x08007f50                extrude1_48x48
                0x08008850                extrude_48x48
                0x08009150                colors
 .rodata._global_impure_ptr
                0x08009184        0x4 d:/devel/arm/gcc-5_4_2016q3/bin/../lib/gcc/arm-none-eabi/5.4.1/../../../../arm-none-eabi/lib/armv7-m\libg.a(lib_a-impure.o)
                0x08009184                _global_impure_ptr
 *(.eh_fram e*)

.eh_frame       0x08009188        0x0
 .eh_frame      0x08009188        0x0 d:/devel/arm/gcc-5_4_2016q3/bin/../lib/gcc/arm-none-eabi/5.4.1/armv7-m/crtbegin.o

.glue_7         0x08009188        0x0
 .glue_7        0x08009188        0x0 linker stubs

.glue_7t        0x08009188        0x0
 .glue_7t       0x08009188        0x0 linker stubs

.vfp11_veneer   0x08009188        0x0
 .vfp11_veneer  0x08009188        0x0 linker stubs

.v4_bx          0x08009188        0x0
 .v4_bx         0x08009188        0x0 linker stubs

.iplt           0x08009188        0x0
 .iplt          0x08009188        0x0 d:/devel/arm/gcc-5_4_2016q3/bin/../lib/gcc/arm-none-eabi/5.4.1/armv7-m/crtbegin.o

.rel.dyn        0x08009188        0x0
 .rel.iplt      0x08009188        0x0 d:/devel/arm/gcc-5_4_2016q3/bin/../lib/gcc/arm-none-eabi/5.4.1/armv7-m/crtbegin.o

.ARM.extab
 *(.ARM.extab* .gnu.linkonce.armextab.*)
                0x08009188                __exidx_start = .

.ARM.exidx
 *(.ARM.exidx* .gnu.linkonce.armexidx.*)
                0x08009188                __exidx_end = .
                0x08009188                __etext = .
                0x08009188                _sidata = __etext

.data           0x20000000      0x498 load address 0x08009188
                0x20000000                __data_start__ = .
                0x20000000                _sdata = __data_start__
 *(vtable)
 *(.data*)
 .data          0x20000000       0x38 ..\obj\protocol.o
                0x20000000                temps
                0x20000001                datat
                0x20000032                dot_pos_x
                0x20000034                dot_pos_y
                0x20000036                pos
 .data          0x20000038       0x14 ..\obj\system_stm32f10x.o
                0x20000038                SystemCoreClock
                0x2000003c                AHBPrescTable
 .data          0x2000004c       0x14 ..\obj\stm32f10x_rcc.o
 .data.impure_data
                0x20000060      0x428 d:/devel/arm/gcc-5_4_2016q3/bin/../lib/gcc/arm-none-eabi/5.4.1/../../../../arm-none-eabi/lib/armv7-m\libg.a(lib_a-impure.o)
                0x20000488                . = ALIGN (0x4)
                0x20000488                PROVIDE (__preinit_array_start, .)
 *(.preinit_array)
                0x20000488                PROVIDE (__preinit_array_end, .)
                0x20000488                . = ALIGN (0x4)
                0x20000488                PROVIDE (__init_array_start, .)
 *(SORT(.init_array.*))
 .init_array.00000
                0x20000488        0x4 d:/devel/arm/gcc-5_4_2016q3/bin/../lib/gcc/arm-none-eabi/5.4.1/../../../../arm-none-eabi/lib/armv7-m\libg.a(lib_a-__call_atexit.o)
 *(.init_array)
 .init_array    0x2000048c        0x4 d:/devel/arm/gcc-5_4_2016q3/bin/../lib/gcc/arm-none-eabi/5.4.1/armv7-m/crtbegin.o
                0x20000490                PROVIDE (__init_array_end, .)
                0x20000490                . = ALIGN (0x4)
                0x20000490                PROVIDE (__fini_array_start, .)
 *(SORT(.fini_array.*))
 *(.fini_array)
 .fini_array    0x20000490        0x4 d:/devel/arm/gcc-5_4_2016q3/bin/../lib/gcc/arm-none-eabi/5.4.1/armv7-m/crtbegin.o
                0x20000494                PROVIDE (__fini_array_end, .)
 *(.jcr*)
 .jcr           0x20000494        0x0 d:/devel/arm/gcc-5_4_2016q3/bin/../lib/gcc/arm-none-eabi/5.4.1/armv7-m/crtbegin.o
 .jcr           0x20000494        0x4 d:/devel/arm/gcc-5_4_2016q3/bin/../lib/gcc/arm-none-eabi/5.4.1/armv7-m/crtend.o
                0x20000498                . = ALIGN (0x4)
                0x20000498                __data_end__ = .
                0x20000498                _edata = __data_end__

.igot.plt       0x20000498        0x0 load address 0x08009620
 .igot.plt      0x20000498        0x0 d:/devel/arm/gcc-5_4_2016q3/bin/../lib/gcc/arm-none-eabi/5.4.1/armv7-m/crtbegin.o

.bss            0x20000498      0x13c load address 0x08009620
                0x20000498                . = ALIGN (0x4)
                0x20000498                __bss_start__ = .
                0x20000498                _sbss = __bss_start__
 *(.bss*)
 .bss           0x20000498       0x1c d:/devel/arm/gcc-5_4_2016q3/bin/../lib/gcc/arm-none-eabi/5.4.1/armv7-m/crtbegin.o
 .bss           0x200004b4       0x11 ..\obj\protocol.o
                0x200004b4                new_command
                0x200004b5                protocol
                0x200004b6                duration
                0x200004b8                cour_leds
                0x200004b9                cour_pics
                0x200004ba                progress_cleared
                0x200004bb                c_p
                0x200004bc                cmd
                0x200004be                row_offset
                0x200004c0                cour_row
                0x200004c2                freq
                0x200004c4                toread
 *fill*         0x200004c5        0x1 
 .bss           0x200004c6        0x4 ..\obj\systick.o
 *(COMMON)
 COMMON         0x200004ca       0xfd ..\obj\protocol.o
                0x200004ca                data
                0x200005c6                encdiff
 *fill*         0x200005c7        0x1 
 COMMON         0x200005c8        0xa ..\obj\LCD.o
                0x200005c8                TCH
                0x200005ca                TCL
                0x200005cc                BCH
                0x200005ce                Xcour
                0x200005d0                BCL
                0x200005d4                . = ALIGN (0x4)
 *fill*         0x200005d2        0x2 
                0x200005d4                __bss_end__ = .
                0x200005d4                _ebss = __bss_end__

.heap           0x200005d4        0x0
                0x200005d4                __end__ = .
                0x200005d4                _end = __end__
                0x200005d4                end = __end__
 *(.heap*)
                0x200005d4                __HeapLimit = .

.co_stack       0x200005d4      0x404 load address 0x0800975c
                0x200005d8                . = ALIGN (0x8)
 *fill*         0x200005d4        0x4 
 *(.co_stack .co_stack.*)
 .co_stack      0x200005d8      0x400 ..\obj\startup_stm32f10x_md.o
                0x200005d8                pulStack
                0x20005000                __StackTop = (ORIGIN (ram) + LENGTH (ram))
                0x20004bfc                __StackLimit = (__StackTop - SIZEOF (.co_stack))
                0x20005000                PROVIDE (__stack, __StackTop)
                0x00000001                ASSERT ((__StackLimit >= __HeapLimit), region ram  overflowed with stack)
LOAD ..\obj\stm32f10x_tim.o
LOAD ..\obj\protocol.o
LOAD ..\obj\system_stm32f10x.o
LOAD ..\obj\startup_stm32f10x_md.o
LOAD ..\obj\stm32f10x_gpio.o
LOAD ..\obj\main.o
LOAD ..\obj\init.o
LOAD ..\obj\stm32f10x_rcc.o
LOAD ..\obj\LiberationMono-Regular_16x24.o
LOAD ..\obj\stm32f10x_exti.o
LOAD ..\obj\LCD.o
LOAD ..\obj\Courier_New_Bold_16x24.o
LOAD ..\obj\misc.o
LOAD ..\obj\Pictures.o
LOAD ..\obj\stm32f10x_spi.o
LOAD ..\obj\systick.o
LOAD ..\obj\stm32f10x_i2c.o
LOAD ..\obj\stm32f10x_systick.o
START GROUP
LOAD d:/devel/arm/gcc-5_4_2016q3/bin/../lib/gcc/arm-none-eabi/5.4.1/armv7-m\libgcc.a
LOAD d:/devel/arm/gcc-5_4_2016q3/bin/../lib/gcc/arm-none-eabi/5.4.1/../../../../arm-none-eabi/lib/armv7-m\libg.a
LOAD d:/devel/arm/gcc-5_4_2016q3/bin/../lib/gcc/arm-none-eabi/5.4.1/../../../../arm-none-eabi/lib/armv7-m\libc.a
END GROUP
LOAD d:/devel/arm/gcc-5_4_2016q3/bin/../lib/gcc/arm-none-eabi/5.4.1/armv7-m/crtend.o
LOAD d:/devel/arm/gcc-5_4_2016q3/bin/../lib/gcc/arm-none-eabi/5.4.1/armv7-m/crtn.o
OUTPUT(3D-GLCD.elf elf32-littlearm)

.ARM.attributes
                0x00000000       0x29
 .ARM.attributes
                0x00000000       0x1d d:/devel/arm/gcc-5_4_2016q3/bin/../lib/gcc/arm-none-eabi/5.4.1/armv7-m/crti.o
 .ARM.attributes
                0x0000001d       0x2d d:/devel/arm/gcc-5_4_2016q3/bin/../lib/gcc/arm-none-eabi/5.4.1/armv7-m/crtbegin.o
 .ARM.attributes
                0x0000004a       0x33 ..\obj\stm32f10x_tim.o
 .ARM.attributes
                0x0000007d       0x33 ..\obj\protocol.o
 .ARM.attributes
                0x000000b0       0x33 ..\obj\system_stm32f10x.o
 .ARM.attributes
                0x000000e3       0x33 ..\obj\startup_stm32f10x_md.o
 .ARM.attributes
                0x00000116       0x33 ..\obj\stm32f10x_gpio.o
 .ARM.attributes
                0x00000149       0x33 ..\obj\main.o
 .ARM.attributes
                0x0000017c       0x33 ..\obj\init.o
 .ARM.attributes
                0x000001af       0x33 ..\obj\stm32f10x_rcc.o
 .ARM.attributes
                0x000001e2       0x33 ..\obj\LiberationMono-Regular_16x24.o
 .ARM.attributes
                0x00000215       0x33 ..\obj\LCD.o
 .ARM.attributes
                0x00000248       0x33 ..\obj\misc.o
 .ARM.attributes
                0x0000027b       0x33 ..\obj\Pictures.o
 .ARM.attributes
                0x000002ae       0x33 ..\obj\stm32f10x_spi.o
 .ARM.attributes
                0x000002e1       0x33 ..\obj\systick.o
 .ARM.attributes
                0x00000314       0x33 ..\obj\stm32f10x_i2c.o
 .ARM.attributes
                0x00000347       0x33 ..\obj\stm32f10x_systick.o
 .ARM.attributes
                0x0000037a       0x2d d:/devel/arm/gcc-5_4_2016q3/bin/../lib/gcc/arm-none-eabi/5.4.1/../../../../arm-none-eabi/lib/armv7-m\libg.a(lib_a-impure.o)
 .ARM.attributes
                0x000003a7       0x2d d:/devel/arm/gcc-5_4_2016q3/bin/../lib/gcc/arm-none-eabi/5.4.1/../../../../arm-none-eabi/lib/armv7-m\libg.a(lib_a-__call_atexit.o)
 .ARM.attributes
                0x000003d4       0x2d d:/devel/arm/gcc-5_4_2016q3/bin/../lib/gcc/arm-none-eabi/5.4.1/../../../../arm-none-eabi/lib/armv7-m\libg.a(lib_a-atexit.o)
 .ARM.attributes
                0x00000401       0x2d d:/devel/arm/gcc-5_4_2016q3/bin/../lib/gcc/arm-none-eabi/5.4.1/../../../../arm-none-eabi/lib/armv7-m\libg.a(lib_a-fini.o)
 .ARM.attributes
                0x0000042e       0x2d d:/devel/arm/gcc-5_4_2016q3/bin/../lib/gcc/arm-none-eabi/5.4.1/../../../../arm-none-eabi/lib/armv7-m\libg.a(lib_a-__atexit.o)
 .ARM.attributes
                0x0000045b       0x2d d:/devel/arm/gcc-5_4_2016q3/bin/../lib/gcc/arm-none-eabi/5.4.1/armv7-m/crtend.o
 .ARM.attributes
                0x00000488       0x1d d:/devel/arm/gcc-5_4_2016q3/bin/../lib/gcc/arm-none-eabi/5.4.1/armv7-m/crtn.o

.comment        0x00000000       0x6e
 .comment       0x00000000       0x6e ..\obj\stm32f10x_tim.o
                                 0x6f (size before relaxing)
 .comment       0x0000006e       0x6f ..\obj\protocol.o
 .comment       0x0000006e       0x6f ..\obj\system_stm32f10x.o
 .comment       0x0000006e       0x6f ..\obj\startup_stm32f10x_md.o
 .comment       0x0000006e       0x6f ..\obj\stm32f10x_gpio.o
 .comment       0x0000006e       0x6f ..\obj\main.o
 .comment       0x0000006e       0x6f ..\obj\init.o
 .comment       0x0000006e       0x6f ..\obj\stm32f10x_rcc.o
 .comment       0x0000006e       0x6f ..\obj\LiberationMono-Regular_16x24.o
 .comment       0x0000006e       0x6f ..\obj\LCD.o
 .comment       0x0000006e       0x6f ..\obj\misc.o
 .comment       0x0000006e       0x6f ..\obj\Pictures.o
 .comment       0x0000006e       0x6f ..\obj\stm32f10x_spi.o
 .comment       0x0000006e       0x6f ..\obj\systick.o
 .comment       0x0000006e       0x6f ..\obj\stm32f10x_i2c.o
 .comment       0x0000006e       0x6f ..\obj\stm32f10x_systick.o

.debug_info     0x00000000     0x8f9b
 .debug_info    0x00000000     0x200c ..\obj\stm32f10x_tim.o
 .debug_info    0x0000200c     0x17a7 ..\obj\protocol.o
 .debug_info    0x000037b3      0x4c4 ..\obj\system_stm32f10x.o
 .debug_info    0x00003c77      0x114 ..\obj\startup_stm32f10x_md.o
 .debug_info    0x00003d8b      0x7ef ..\obj\stm32f10x_gpio.o
 .debug_info    0x0000457a      0x130 ..\obj\main.o
 .debug_info    0x000046aa     0x1357 ..\obj\init.o
 .debug_info    0x00005a01      0x8d7 ..\obj\stm32f10x_rcc.o
 .debug_info    0x000062d8       0x9f ..\obj\LiberationMono-Regular_16x24.o
 .debug_info    0x00006377      0xaad ..\obj\LCD.o
 .debug_info    0x00006e24      0x55a ..\obj\misc.o
 .debug_info    0x0000737e      0x188 ..\obj\Pictures.o
 .debug_info    0x00007506      0x9a2 ..\obj\stm32f10x_spi.o
 .debug_info    0x00007ea8      0x3a0 ..\obj\systick.o
 .debug_info    0x00008248      0xb04 ..\obj\stm32f10x_i2c.o
 .debug_info    0x00008d4c      0x24f ..\obj\stm32f10x_systick.o

.debug_abbrev   0x00000000     0x1b39
 .debug_abbrev  0x00000000      0x2d0 ..\obj\stm32f10x_tim.o
 .debug_abbrev  0x000002d0      0x376 ..\obj\protocol.o
 .debug_abbrev  0x00000646      0x16e ..\obj\system_stm32f10x.o
 .debug_abbrev  0x000007b4       0xe1 ..\obj\startup_stm32f10x_md.o
 .debug_abbrev  0x00000895      0x1fe ..\obj\stm32f10x_gpio.o
 .debug_abbrev  0x00000a93       0xa6 ..\obj\main.o
 .debug_abbrev  0x00000b39      0x27f ..\obj\init.o
 .debug_abbrev  0x00000db8      0x1e2 ..\obj\stm32f10x_rcc.o
 .debug_abbrev  0x00000f9a       0x4e ..\obj\LiberationMono-Regular_16x24.o
 .debug_abbrev  0x00000fe8      0x2bb ..\obj\LCD.o
 .debug_abbrev  0x000012a3      0x156 ..\obj\misc.o
 .debug_abbrev  0x000013f9       0x8d ..\obj\Pictures.o
 .debug_abbrev  0x00001486      0x1e6 ..\obj\stm32f10x_spi.o
 .debug_abbrev  0x0000166c      0x157 ..\obj\systick.o
 .debug_abbrev  0x000017c3      0x230 ..\obj\stm32f10x_i2c.o
 .debug_abbrev  0x000019f3      0x146 ..\obj\stm32f10x_systick.o

.debug_loc      0x00000000     0x4921
 .debug_loc     0x00000000     0x1c08 ..\obj\stm32f10x_tim.o
 .debug_loc     0x00001c08      0x99c ..\obj\protocol.o
 .debug_loc     0x000025a4       0x99 ..\obj\system_stm32f10x.o
 .debug_loc     0x0000263d       0x2b ..\obj\startup_stm32f10x_md.o
 .debug_loc     0x00002668      0x4ed ..\obj\stm32f10x_gpio.o
 .debug_loc     0x00002b55       0xc4 ..\obj\init.o
 .debug_loc     0x00002c19      0x685 ..\obj\stm32f10x_rcc.o
 .debug_loc     0x0000329e      0x785 ..\obj\LCD.o
 .debug_loc     0x00003a23      0x161 ..\obj\misc.o
 .debug_loc     0x00003b84      0x5fa ..\obj\stm32f10x_spi.o
 .debug_loc     0x0000417e       0xbf ..\obj\systick.o
 .debug_loc     0x0000423d      0x601 ..\obj\stm32f10x_i2c.o
 .debug_loc     0x0000483e       0xe3 ..\obj\stm32f10x_systick.o

.debug_aranges  0x00000000      0x928
 .debug_aranges
                0x00000000      0x2d0 ..\obj\stm32f10x_tim.o
 .debug_aranges
                0x000002d0       0xa0 ..\obj\protocol.o
 .debug_aranges
                0x00000370       0x28 ..\obj\system_stm32f10x.o
 .debug_aranges
                0x00000398       0x28 ..\obj\startup_stm32f10x_md.o
 .debug_aranges
                0x000003c0       0xa8 ..\obj\stm32f10x_gpio.o
 .debug_aranges
                0x00000468       0x20 ..\obj\main.o
 .debug_aranges
                0x00000488       0x30 ..\obj\init.o
 .debug_aranges
                0x000004b8      0x118 ..\obj\stm32f10x_rcc.o
 .debug_aranges
                0x000005d0       0x18 ..\obj\LiberationMono-Regular_16x24.o
 .debug_aranges
                0x000005e8       0x98 ..\obj\LCD.o
 .debug_aranges
                0x00000680       0x40 ..\obj\misc.o
 .debug_aranges
                0x000006c0       0x18 ..\obj\Pictures.o
 .debug_aranges
                0x000006d8       0xd0 ..\obj\stm32f10x_spi.o
 .debug_aranges
                0x000007a8       0x30 ..\obj\systick.o
 .debug_aranges
                0x000007d8      0x110 ..\obj\stm32f10x_i2c.o
 .debug_aranges
                0x000008e8       0x40 ..\obj\stm32f10x_systick.o

.debug_ranges   0x00000000      0x9b8
 .debug_ranges  0x00000000      0x2f8 ..\obj\stm32f10x_tim.o
 .debug_ranges  0x000002f8      0x110 ..\obj\protocol.o
 .debug_ranges  0x00000408       0x30 ..\obj\system_stm32f10x.o
 .debug_ranges  0x00000438       0x18 ..\obj\startup_stm32f10x_md.o
 .debug_ranges  0x00000450       0x98 ..\obj\stm32f10x_gpio.o
 .debug_ranges  0x000004e8       0x10 ..\obj\main.o
 .debug_ranges  0x000004f8       0xc0 ..\obj\init.o
 .debug_ranges  0x000005b8      0x108 ..\obj\stm32f10x_rcc.o
 .debug_ranges  0x000006c0       0xb8 ..\obj\LCD.o
 .debug_ranges  0x00000778       0x30 ..\obj\misc.o
 .debug_ranges  0x000007a8       0xc0 ..\obj\stm32f10x_spi.o
 .debug_ranges  0x00000868       0x20 ..\obj\systick.o
 .debug_ranges  0x00000888      0x100 ..\obj\stm32f10x_i2c.o
 .debug_ranges  0x00000988       0x30 ..\obj\stm32f10x_systick.o

.debug_line     0x00000000     0x34b8
 .debug_line    0x00000000      0xad1 ..\obj\stm32f10x_tim.o
 .debug_line    0x00000ad1      0x693 ..\obj\protocol.o
 .debug_line    0x00001164      0x1a1 ..\obj\system_stm32f10x.o
 .debug_line    0x00001305       0xa1 ..\obj\startup_stm32f10x_md.o
 .debug_line    0x000013a6      0x38b ..\obj\stm32f10x_gpio.o
 .debug_line    0x00001731      0x19e ..\obj\main.o
 .debug_line    0x000018cf      0x33a ..\obj\init.o
 .debug_line    0x00001c09      0x460 ..\obj\stm32f10x_rcc.o
 .debug_line    0x00002069       0x6a ..\obj\LiberationMono-Regular_16x24.o
 .debug_line    0x000020d3      0x420 ..\obj\LCD.o
 .debug_line    0x000024f3      0x217 ..\obj\misc.o
 .debug_line    0x0000270a      0x122 ..\obj\Pictures.o
 .debug_line    0x0000282c      0x3fa ..\obj\stm32f10x_spi.o
 .debug_line    0x00002c26      0x218 ..\obj\systick.o
 .debug_line    0x00002e3e      0x4a3 ..\obj\stm32f10x_i2c.o
 .debug_line    0x000032e1      0x1d7 ..\obj\stm32f10x_systick.o

.debug_str      0x00000000     0x2a10
 .debug_str     0x00000000      0xd37 ..\obj\stm32f10x_tim.o
                                0xdfa (size before relaxing)
 .debug_str     0x00000d37      0x722 ..\obj\protocol.o
                                0x9ee (size before relaxing)
 .debug_str     0x00001459      0x16f ..\obj\system_stm32f10x.o
                                0x2f9 (size before relaxing)
 .debug_str     0x000015c8       0xb7 ..\obj\startup_stm32f10x_md.o
                                0x159 (size before relaxing)
 .debug_str     0x0000167f      0x369 ..\obj\stm32f10x_gpio.o
                                0x53a (size before relaxing)
 .debug_str     0x000019e8       0x5e ..\obj\main.o
                                0x1a2 (size before relaxing)
 .debug_str     0x00001a46      0x23d ..\obj\init.o
                                0xb93 (size before relaxing)
 .debug_str     0x00001c83      0x3a5 ..\obj\stm32f10x_rcc.o
                                0x624 (size before relaxing)
 .debug_str     0x00002028       0x5f ..\obj\LiberationMono-Regular_16x24.o
                                0x16d (size before relaxing)
 .debug_str     0x00002087       0xf4 ..\obj\LCD.o
                                0x358 (size before relaxing)
 .debug_str     0x0000217b      0x19b ..\obj\misc.o
                                0x3c8 (size before relaxing)
 .debug_str     0x00002316       0x36 ..\obj\Pictures.o
                                0x1d8 (size before relaxing)
 .debug_str     0x0000234c      0x2b2 ..\obj\stm32f10x_spi.o
                                0x647 (size before relaxing)
 .debug_str     0x000025fe       0xbf ..\obj\systick.o
                                0x2fb (size before relaxing)
 .debug_str     0x000026bd      0x2dc ..\obj\stm32f10x_i2c.o
                                0x663 (size before relaxing)
 .debug_str     0x00002999       0x77 ..\obj\stm32f10x_systick.o
                                0x282 (size before relaxing)

.debug_frame    0x00000000     0x154c
 .debug_frame   0x00000000      0x6b4 ..\obj\stm32f10x_tim.o
 .debug_frame   0x000006b4      0x1dc ..\obj\protocol.o
 .debug_frame   0x00000890       0x3c ..\obj\system_stm32f10x.o
 .debug_frame   0x000008cc       0x3c ..\obj\startup_stm32f10x_md.o
 .debug_frame   0x00000908      0x170 ..\obj\stm32f10x_gpio.o
 .debug_frame   0x00000a78       0x28 ..\obj\main.o
 .debug_frame   0x00000aa0       0x7c ..\obj\init.o
 .debug_frame   0x00000b1c      0x220 ..\obj\stm32f10x_rcc.o
 .debug_frame   0x00000d3c      0x204 ..\obj\LCD.o
 .debug_frame   0x00000f40       0x68 ..\obj\misc.o
 .debug_frame   0x00000fa8      0x1bc ..\obj\stm32f10x_spi.o
 .debug_frame   0x00001164       0x60 ..\obj\systick.o
 .debug_frame   0x000011c4      0x250 ..\obj\stm32f10x_i2c.o
 .debug_frame   0x00001414       0x60 ..\obj\stm32f10x_systick.o
 .debug_frame   0x00001474       0x50 d:/devel/arm/gcc-5_4_2016q3/bin/../lib/gcc/arm-none-eabi/5.4.1/../../../../arm-none-eabi/lib/armv7-m\libg.a(lib_a-__call_atexit.o)
 .debug_frame   0x000014c4       0x20 d:/devel/arm/gcc-5_4_2016q3/bin/../lib/gcc/arm-none-eabi/5.4.1/../../../../arm-none-eabi/lib/armv7-m\libg.a(lib_a-atexit.o)
 .debug_frame   0x000014e4       0x34 d:/devel/arm/gcc-5_4_2016q3/bin/../lib/gcc/arm-none-eabi/5.4.1/../../../../arm-none-eabi/lib/armv7-m\libg.a(lib_a-fini.o)
 .debug_frame   0x00001518       0x34 d:/devel/arm/gcc-5_4_2016q3/bin/../lib/gcc/arm-none-eabi/5.4.1/../../../../arm-none-eabi/lib/armv7-m\libg.a(lib_a-__atexit.o)
